=================================================================
批量逐小时推理  |  GPU: cuda:6  |  hours: [1, 2, 3, 4, 5, 6, 7, 8, 9, 10, 11, 12, 13, 14, 15, 16, 17, 18, 19, 20, 21, 22]
=================================================================

--- H=01 ---

JAXA Finetune Dataset initialized:
  Data dir: /data1/user/lz/SST_Data_Imputation/Data_Imputation/experiments/hourly_data/h01
  Series: [8]
  Total frames: 264
  Window size: 30
  Mask ratio: 20%
  Mask size: 10-50
  Normalize: True (mean=299.92, std=2.69)
  Cache size: 50
  [H=01] MAE=0.235°C  RMSE=0.316°C  → /data1/user/lz/SST_Data_Imputation/Data_Imputation/experiments/jaxa_finetune_h01/inference_vis

--- H=02 ---

JAXA Finetune Dataset initialized:
  Data dir: /data1/user/lz/SST_Data_Imputation/Data_Imputation/experiments/hourly_data/h02
  Series: [8]
  Total frames: 264
  Window size: 30
  Mask ratio: 20%
  Mask size: 10-50
  Normalize: True (mean=299.92, std=2.69)
  Cache size: 50
  [H=02] MAE=0.232°C  RMSE=0.304°C  → /data1/user/lz/SST_Data_Imputation/Data_Imputation/experiments/jaxa_finetune_h02/inference_vis

--- H=03 ---

JAXA Finetune Dataset initialized:
  Data dir: /data1/user/lz/SST_Data_Imputation/Data_Imputation/experiments/hourly_data/h03
  Series: [8]
  Total frames: 264
  Window size: 30
  Mask ratio: 20%
  Mask size: 10-50
  Normalize: True (mean=299.92, std=2.69)
  Cache size: 50
  [H=03] MAE=0.227°C  RMSE=0.307°C  → /data1/user/lz/SST_Data_Imputation/Data_Imputation/experiments/jaxa_finetune_h03/inference_vis

--- H=04 ---

JAXA Finetune Dataset initialized:
  Data dir: /data1/user/lz/SST_Data_Imputation/Data_Imputation/experiments/hourly_data/h04
  Series: [8]
  Total frames: 265
  Window size: 30
  Mask ratio: 20%
  Mask size: 10-50
  Normalize: True (mean=299.92, std=2.69)
  Cache size: 50
  [H=04] MAE=0.280°C  RMSE=0.369°C  → /data1/user/lz/SST_Data_Imputation/Data_Imputation/experiments/jaxa_finetune_h04/inference_vis

--- H=05 ---

JAXA Finetune Dataset initialized:
  Data dir: /data1/user/lz/SST_Data_Imputation/Data_Imputation/experiments/hourly_data/h05
  Series: [8]
  Total frames: 266
  Window size: 30
  Mask ratio: 20%
  Mask size: 10-50
  Normalize: True (mean=299.92, std=2.69)
  Cache size: 50
  [H=05] MAE=0.271°C  RMSE=0.351°C  → /data1/user/lz/SST_Data_Imputation/Data_Imputation/experiments/jaxa_finetune_h05/inference_vis

--- H=06 ---

JAXA Finetune Dataset initialized:
  Data dir: /data1/user/lz/SST_Data_Imputation/Data_Imputation/experiments/hourly_data/h06
  Series: [8]
  Total frames: 266
  Window size: 30
  Mask ratio: 20%
  Mask size: 10-50
  Normalize: True (mean=299.92, std=2.69)
  Cache size: 50
  [H=06] MAE=0.280°C  RMSE=0.362°C  → /data1/user/lz/SST_Data_Imputation/Data_Imputation/experiments/jaxa_finetune_h06/inference_vis

--- H=07 ---

JAXA Finetune Dataset initialized:
  Data dir: /data1/user/lz/SST_Data_Imputation/Data_Imputation/experiments/hourly_data/h07
  Series: [8]
  Total frames: 266
  Window size: 30
  Mask ratio: 20%
  Mask size: 10-50
  Normalize: True (mean=299.92, std=2.69)
  Cache size: 50
  [H=07] MAE=0.256°C  RMSE=0.332°C  → /data1/user/lz/SST_Data_Imputation/Data_Imputation/experiments/jaxa_finetune_h07/inference_vis

--- H=08 ---

JAXA Finetune Dataset initialized:
  Data dir: /data1/user/lz/SST_Data_Imputation/Data_Imputation/experiments/hourly_data/h08
  Series: [8]
  Total frames: 266
  Window size: 30
  Mask ratio: 20%
  Mask size: 10-50
  Normalize: True (mean=299.92, std=2.69)
  Cache size: 50
  [H=08] MAE=0.268°C  RMSE=0.359°C  → /data1/user/lz/SST_Data_Imputation/Data_Imputation/experiments/jaxa_finetune_h08/inference_vis

--- H=09 ---

JAXA Finetune Dataset initialized:
  Data dir: /data1/user/lz/SST_Data_Imputation/Data_Imputation/experiments/hourly_data/h09
  Series: [8]
  Total frames: 266
  Window size: 30
  Mask ratio: 20%
  Mask size: 10-50
  Normalize: True (mean=299.92, std=2.69)
  Cache size: 50
  [H=09] MAE=0.281°C  RMSE=0.360°C  → /data1/user/lz/SST_Data_Imputation/Data_Imputation/experiments/jaxa_finetune_h09/inference_vis

--- H=10 ---
