全量 JAXA 推理
  GPU: cuda:6  |  batch_size: 8
  hours: [1, 2, 3, 4, 5, 6, 7, 8, 9, 10, 11, 12, 13, 14, 15, 16, 17, 18, 19, 20, 21, 22, 23]
  output: /data/sst_data/SST_Data_Imputation
  Gaussian sigma: 1.0

============================================================
H=01  开始推理
============================================================
  模型加载完成 | norm_mean=299.9221K  norm_std=2.6919K
  [series 00] 2017-07-06 ~ 2018-06-30, 355 帧
    进度: 200/355 帧完成
    进度: 355/355 帧完成
  [series 00] 完成: 新增=355, 跳过=0, 失败=0
  [series 01] 2016-07-06 ~ 2017-05-18, 271 帧
    进度: 200/271 帧完成
    进度: 271/271 帧完成
  [series 01] 完成: 新增=271, 跳过=0, 失败=0
  [series 02] 2021-07-05 ~ 2022-07-04, 364 帧
    进度: 200/364 帧完成
    进度: 364/364 帧完成
  [series 02] 完成: 新增=364, 跳过=0, 失败=0
  [series 03] 2018-07-06 ~ 2019-06-15, 329 帧
    进度: 200/329 帧完成
    进度: 329/329 帧完成
  [series 03] 完成: 新增=329, 跳过=0, 失败=0
  [series 04] 2019-07-07 ~ 2020-06-26, 348 帧
    进度: 200/348 帧完成
    进度: 348/348 帧完成
  [series 04] 完成: 新增=348, 跳过=0, 失败=0
  [series 05] 2020-07-05 ~ 2021-07-02, 362 帧
    进度: 200/362 帧完成
    进度: 362/362 帧完成
  [series 05] 完成: 新增=362, 跳过=0, 失败=0
  [series 06] 2022-07-05 ~ 2023-07-04, 365 帧
    进度: 200/365 帧完成
    进度: 365/365 帧完成
  [series 06] 完成: 新增=365, 跳过=0, 失败=0
  [series 07] 2023-07-05 ~ 2024-07-03, 365 帧
    进度: 200/365 帧完成
    进度: 365/365 帧完成
  [series 07] 完成: 新增=365, 跳过=0, 失败=0
  [series 08] 2024-07-04 ~ 2025-03-27, 264 帧
    进度: 200/264 帧完成
    进度: 264/264 帧完成
  [series 08] 完成: 新增=264, 跳过=0, 失败=0

H=01 汇总: 新增=3023, 跳过=0, 失败=0

============================================================
H=02  开始推理
============================================================
  模型加载完成 | norm_mean=299.9221K  norm_std=2.6919K
  [series 00] 2017-07-06 ~ 2018-06-30, 355 帧
    进度: 200/355 帧完成
    进度: 355/355 帧完成
  [series 00] 完成: 新增=355, 跳过=0, 失败=0
  [series 01] 2016-07-06 ~ 2017-05-18, 274 帧
    进度: 200/274 帧完成
    进度: 274/274 帧完成
  [series 01] 完成: 新增=274, 跳过=0, 失败=0
  [series 02] 2021-07-05 ~ 2022-07-04, 365 帧
    进度: 200/365 帧完成
    进度: 365/365 帧完成
  [series 02] 完成: 新增=365, 跳过=0, 失败=0
  [series 03] 2018-07-06 ~ 2019-06-15, 329 帧
    进度: 200/329 帧完成
    进度: 329/329 帧完成
  [series 03] 完成: 新增=329, 跳过=0, 失败=0
  [series 04] 2019-07-07 ~ 2020-06-26, 348 帧
    进度: 200/348 帧完成
    进度: 348/348 帧完成
  [series 04] 完成: 新增=348, 跳过=0, 失败=0
  [series 05] 2020-07-05 ~ 2021-07-02, 359 帧
    进度: 200/359 帧完成
    进度: 359/359 帧完成
  [series 05] 完成: 新增=359, 跳过=0, 失败=0
  [series 06] 2022-07-05 ~ 2023-07-04, 365 帧
    进度: 200/365 帧完成
    进度: 365/365 帧完成
  [series 06] 完成: 新增=365, 跳过=0, 失败=0
  [series 07] 2023-07-05 ~ 2024-07-03, 364 帧
    进度: 200/364 帧完成
    进度: 364/364 帧完成
  [series 07] 完成: 新增=364, 跳过=0, 失败=0
  [series 08] 2024-07-04 ~ 2025-03-27, 264 帧
    进度: 200/264 帧完成
    进度: 264/264 帧完成
  [series 08] 完成: 新增=264, 跳过=0, 失败=0

H=02 汇总: 新增=3023, 跳过=0, 失败=0

============================================================
H=03  开始推理
============================================================
  模型加载完成 | norm_mean=299.9221K  norm_std=2.6919K
  [series 00] 2017-07-06 ~ 2018-06-30, 355 帧
    进度: 200/355 帧完成
    进度: 355/355 帧完成
  [series 00] 完成: 新增=355, 跳过=0, 失败=0
  [series 01] 2016-07-06 ~ 2017-05-18, 284 帧
    进度: 200/284 帧完成
    进度: 284/284 帧完成
  [series 01] 完成: 新增=284, 跳过=0, 失败=0
  [series 02] 2021-07-05 ~ 2022-07-04, 365 帧
    进度: 200/365 帧完成
    进度: 365/365 帧完成
  [series 02] 完成: 新增=365, 跳过=0, 失败=0
  [series 03] 2018-07-06 ~ 2019-06-15, 329 帧
    进度: 200/329 帧完成
    进度: 329/329 帧完成
  [series 03] 完成: 新增=329, 跳过=0, 失败=0
  [series 04] 2019-07-07 ~ 2020-06-26, 348 帧
    进度: 200/348 帧完成
    进度: 348/348 帧完成
  [series 04] 完成: 新增=348, 跳过=0, 失败=0
  [series 05] 2020-07-05 ~ 2021-07-02, 361 帧
    进度: 200/361 帧完成
    进度: 361/361 帧完成
  [series 05] 完成: 新增=361, 跳过=0, 失败=0
  [series 06] 2022-07-05 ~ 2023-07-04, 364 帧
    进度: 200/364 帧完成
    进度: 364/364 帧完成
  [series 06] 完成: 新增=364, 跳过=0, 失败=0
  [series 07] 2023-07-05 ~ 2024-07-03, 365 帧
    进度: 200/365 帧完成
    进度: 365/365 帧完成
  [series 07] 完成: 新增=365, 跳过=0, 失败=0
  [series 08] 2024-07-04 ~ 2025-03-27, 264 帧
    进度: 200/264 帧完成
    进度: 264/264 帧完成
  [series 08] 完成: 新增=264, 跳过=0, 失败=0

H=03 汇总: 新增=3035, 跳过=0, 失败=0

============================================================
H=04  开始推理
============================================================
  模型加载完成 | norm_mean=299.9221K  norm_std=2.6919K
  [series 00] 2017-07-06 ~ 2018-06-30, 355 帧
    进度: 200/355 帧完成
    进度: 355/355 帧完成
  [series 00] 完成: 新增=355, 跳过=0, 失败=0
  [series 01] 2016-07-06 ~ 2017-05-18, 290 帧
    进度: 200/290 帧完成
    进度: 290/290 帧完成
  [series 01] 完成: 新增=290, 跳过=0, 失败=0
  [series 02] 2021-07-05 ~ 2022-07-04, 365 帧
    进度: 200/365 帧完成
    进度: 365/365 帧完成
  [series 02] 完成: 新增=365, 跳过=0, 失败=0
  [series 03] 2018-07-06 ~ 2019-06-15, 330 帧
    进度: 200/330 帧完成
    进度: 330/330 帧完成
  [series 03] 完成: 新增=330, 跳过=0, 失败=0
  [series 04] 2019-07-07 ~ 2020-06-26, 348 帧
    进度: 200/348 帧完成
    进度: 348/348 帧完成
  [series 04] 完成: 新增=348, 跳过=0, 失败=0
  [series 05] 2020-07-05 ~ 2021-07-02, 360 帧
    进度: 200/360 帧完成
    进度: 360/360 帧完成
  [series 05] 完成: 新增=360, 跳过=0, 失败=0
  [series 06] 2022-07-05 ~ 2023-07-04, 364 帧
    进度: 200/364 帧完成
    进度: 364/364 帧完成
  [series 06] 完成: 新增=364, 跳过=0, 失败=0
  [series 07] 2023-07-05 ~ 2024-07-03, 365 帧
    进度: 200/365 帧完成
    进度: 365/365 帧完成
  [series 07] 完成: 新增=365, 跳过=0, 失败=0
  [series 08] 2024-07-04 ~ 2025-03-27, 265 帧
    进度: 200/265 帧完成
    进度: 265/265 帧完成
  [series 08] 完成: 新增=265, 跳过=0, 失败=0

H=04 汇总: 新增=3042, 跳过=0, 失败=0

============================================================
H=05  开始推理
============================================================
  模型加载完成 | norm_mean=299.9221K  norm_std=2.6919K
  [series 00] 2017-07-06 ~ 2018-06-30, 355 帧
    进度: 200/355 帧完成
    进度: 355/355 帧完成
  [series 00] 完成: 新增=355, 跳过=0, 失败=0
  [series 01] 2016-07-06 ~ 2017-05-18, 291 帧
    进度: 200/291 帧完成
    进度: 291/291 帧完成
  [series 01] 完成: 新增=291, 跳过=0, 失败=0
  [series 02] 2021-07-05 ~ 2022-07-04, 365 帧
    进度: 200/365 帧完成
    进度: 365/365 帧完成
  [series 02] 完成: 新增=365, 跳过=0, 失败=0
  [series 03] 2018-07-06 ~ 2019-06-15, 332 帧
    进度: 200/332 帧完成
    进度: 332/332 帧完成
  [series 03] 完成: 新增=332, 跳过=0, 失败=0
  [series 04] 2019-07-07 ~ 2020-06-26, 348 帧
    进度: 200/348 帧完成
    进度: 348/348 帧完成
  [series 04] 完成: 新增=348, 跳过=0, 失败=0
  [series 05] 2020-07-05 ~ 2021-07-02, 361 帧
    进度: 200/361 帧完成
    进度: 361/361 帧完成
  [series 05] 完成: 新增=361, 跳过=0, 失败=0
  [series 06] 2022-07-05 ~ 2023-07-04, 365 帧
    进度: 200/365 帧完成
    进度: 365/365 帧完成
  [series 06] 完成: 新增=365, 跳过=0, 失败=0
  [series 07] 2023-07-05 ~ 2024-07-03, 365 帧
    进度: 200/365 帧完成
    进度: 365/365 帧完成
  [series 07] 完成: 新增=365, 跳过=0, 失败=0
  [series 08] 2024-07-04 ~ 2025-03-27, 266 帧
    进度: 200/266 帧完成
    进度: 266/266 帧完成
  [series 08] 完成: 新增=266, 跳过=0, 失败=0

H=05 汇总: 新增=3048, 跳过=0, 失败=0

============================================================
H=06  开始推理
============================================================
  模型加载完成 | norm_mean=299.9221K  norm_std=2.6919K
  [series 00] 2017-07-06 ~ 2018-06-30, 355 帧
    进度: 200/355 帧完成
    进度: 355/355 帧完成
  [series 00] 完成: 新增=355, 跳过=0, 失败=0
  [series 01] 2016-07-06 ~ 2017-05-18, 293 帧
    进度: 200/293 帧完成
    进度: 293/293 帧完成
  [series 01] 完成: 新增=293, 跳过=0, 失败=0
  [series 02] 2021-07-05 ~ 2022-07-04, 364 帧
    进度: 200/364 帧完成
    进度: 364/364 帧完成
  [series 02] 完成: 新增=364, 跳过=0, 失败=0
  [series 03] 2018-07-06 ~ 2019-06-15, 332 帧
    进度: 200/332 帧完成
    进度: 332/332 帧完成
  [series 03] 完成: 新增=332, 跳过=0, 失败=0
  [series 04] 2019-07-07 ~ 2020-06-26, 348 帧
    进度: 200/348 帧完成
    进度: 348/348 帧完成
  [series 04] 完成: 新增=348, 跳过=0, 失败=0
  [series 05] 2020-07-05 ~ 2021-07-02, 361 帧
    进度: 200/361 帧完成
    进度: 361/361 帧完成
  [series 05] 完成: 新增=361, 跳过=0, 失败=0
  [series 06] 2022-07-05 ~ 2023-07-04, 364 帧
    进度: 200/364 帧完成
    进度: 364/364 帧完成
  [series 06] 完成: 新增=364, 跳过=0, 失败=0
  [series 07] 2023-07-05 ~ 2024-07-03, 364 帧
    进度: 200/364 帧完成
    进度: 364/364 帧完成
  [series 07] 完成: 新增=364, 跳过=0, 失败=0
  [series 08] 2024-07-04 ~ 2025-03-27, 266 帧
    进度: 200/266 帧完成
    进度: 266/266 帧完成
  [series 08] 完成: 新增=266, 跳过=0, 失败=0

H=06 汇总: 新增=3047, 跳过=0, 失败=0

============================================================
H=07  开始推理
============================================================
  模型加载完成 | norm_mean=299.9221K  norm_std=2.6919K
  [series 00] 2017-07-06 ~ 2018-06-30, 355 帧
    进度: 200/355 帧完成
    进度: 355/355 帧完成
  [series 00] 完成: 新增=355, 跳过=0, 失败=0
  [series 01] 2016-07-06 ~ 2017-05-18, 293 帧
    进度: 200/293 帧完成
    进度: 293/293 帧完成
  [series 01] 完成: 新增=293, 跳过=0, 失败=0
  [series 02] 2021-07-05 ~ 2022-07-04, 365 帧
    进度: 200/365 帧完成
    进度: 365/365 帧完成
  [series 02] 完成: 新增=365, 跳过=0, 失败=0
  [series 03] 2018-07-06 ~ 2019-06-15, 332 帧
    进度: 200/332 帧完成
    进度: 332/332 帧完成
  [series 03] 完成: 新增=332, 跳过=0, 失败=0
  [series 04] 2019-07-07 ~ 2020-06-26, 346 帧
    进度: 200/346 帧完成
    进度: 346/346 帧完成
  [series 04] 完成: 新增=346, 跳过=0, 失败=0
  [series 05] 2020-07-05 ~ 2021-07-02, 362 帧
    进度: 200/362 帧完成
    进度: 362/362 帧完成
  [series 05] 完成: 新增=362, 跳过=0, 失败=0
  [series 06] 2022-07-05 ~ 2023-07-04, 365 帧
    进度: 200/365 帧完成
    进度: 365/365 帧完成
  [series 06] 完成: 新增=365, 跳过=0, 失败=0
  [series 07] 2023-07-05 ~ 2024-07-03, 364 帧
    进度: 200/364 帧完成
    进度: 364/364 帧完成
  [series 07] 完成: 新增=364, 跳过=0, 失败=0
  [series 08] 2024-07-04 ~ 2025-03-27, 266 帧
    进度: 200/266 帧完成
    进度: 266/266 帧完成
  [series 08] 完成: 新增=266, 跳过=0, 失败=0

H=07 汇总: 新增=3048, 跳过=0, 失败=0

============================================================
H=08  开始推理
============================================================
  模型加载完成 | norm_mean=299.9221K  norm_std=2.6919K
  [series 00] 2017-07-06 ~ 2018-06-30, 357 帧
    进度: 200/357 帧完成
    进度: 357/357 帧完成
  [series 00] 完成: 新增=357, 跳过=0, 失败=0
  [series 01] 2016-07-06 ~ 2017-05-18, 280 帧
    进度: 200/280 帧完成
    进度: 280/280 帧完成
  [series 01] 完成: 新增=280, 跳过=0, 失败=0
  [series 02] 2021-07-05 ~ 2022-07-04, 365 帧
    进度: 200/365 帧完成
    进度: 365/365 帧完成
  [series 02] 完成: 新增=365, 跳过=0, 失败=0
  [series 03] 2018-07-06 ~ 2019-06-15, 334 帧
    进度: 200/334 帧完成
    进度: 334/334 帧完成
  [series 03] 完成: 新增=334, 跳过=0, 失败=0
  [series 04] 2019-07-08 ~ 2020-06-26, 351 帧
    进度: 200/351 帧完成
    进度: 351/351 帧完成
  [series 04] 完成: 新增=351, 跳过=0, 失败=0
  [series 05] 2020-07-05 ~ 2021-07-02, 361 帧
    进度: 200/361 帧完成
    进度: 361/361 帧完成
  [series 05] 完成: 新增=361, 跳过=0, 失败=0
  [series 06] 2022-07-05 ~ 2023-07-04, 365 帧
    进度: 200/365 帧完成
    进度: 365/365 帧完成
  [series 06] 完成: 新增=365, 跳过=0, 失败=0
  [series 07] 2023-07-05 ~ 2024-07-03, 365 帧
    进度: 200/365 帧完成
    进度: 365/365 帧完成
  [series 07] 完成: 新增=365, 跳过=0, 失败=0
  [series 08] 2024-07-04 ~ 2025-03-27, 266 帧
    进度: 200/266 帧完成
    进度: 266/266 帧完成
  [series 08] 完成: 新增=266, 跳过=0, 失败=0

H=08 汇总: 新增=3044, 跳过=0, 失败=0

============================================================
H=09  开始推理
============================================================
  模型加载完成 | norm_mean=299.9221K  norm_std=2.6919K
  [series 00] 2017-07-06 ~ 2018-06-30, 357 帧
    进度: 200/357 帧完成
    进度: 357/357 帧完成
  [series 00] 完成: 新增=357, 跳过=0, 失败=0
  [series 01] 2016-07-06 ~ 2017-05-18, 280 帧
    进度: 200/280 帧完成
    进度: 280/280 帧完成
  [series 01] 完成: 新增=280, 跳过=0, 失败=0
  [series 02] 2021-07-05 ~ 2022-07-04, 365 帧
    进度: 200/365 帧完成
    进度: 365/365 帧完成
  [series 02] 完成: 新增=365, 跳过=0, 失败=0
  [series 03] 2018-07-06 ~ 2019-06-15, 334 帧
    进度: 200/334 帧完成
    进度: 334/334 帧完成
  [series 03] 完成: 新增=334, 跳过=0, 失败=0
  [series 04] 2019-07-08 ~ 2020-06-26, 351 帧
    进度: 200/351 帧完成
    进度: 351/351 帧完成
  [series 04] 完成: 新增=351, 跳过=0, 失败=0
  [series 05] 2020-07-05 ~ 2021-07-02, 362 帧
    进度: 200/362 帧完成
    进度: 362/362 帧完成
  [series 05] 完成: 新增=362, 跳过=0, 失败=0
  [series 06] 2022-07-05 ~ 2023-07-04, 365 帧
    进度: 200/365 帧完成
    进度: 365/365 帧完成
  [series 06] 完成: 新增=365, 跳过=0, 失败=0
  [series 07] 2023-07-05 ~ 2024-07-03, 364 帧
    进度: 200/364 帧完成
    进度: 364/364 帧完成
  [series 07] 完成: 新增=364, 跳过=0, 失败=0
  [series 08] 2024-07-04 ~ 2025-03-27, 266 帧
    进度: 200/266 帧完成
    进度: 266/266 帧完成
  [series 08] 完成: 新增=266, 跳过=0, 失败=0

H=09 汇总: 新增=3044, 跳过=0, 失败=0

============================================================
H=10  开始推理
============================================================
  模型加载完成 | norm_mean=299.9221K  norm_std=2.6919K
  [series 00] 2017-07-06 ~ 2018-06-30, 357 帧
    进度: 200/357 帧完成
    进度: 357/357 帧完成
  [series 00] 完成: 新增=357, 跳过=0, 失败=0
  [series 01] 2016-07-06 ~ 2017-05-18, 281 帧
    进度: 200/281 帧完成
    进度: 281/281 帧完成
  [series 01] 完成: 新增=281, 跳过=0, 失败=0
  [series 02] 2021-07-05 ~ 2022-07-04, 365 帧
    进度: 200/365 帧完成
    进度: 365/365 帧完成
  [series 02] 完成: 新增=365, 跳过=0, 失败=0
  [series 03] 2018-07-06 ~ 2019-06-15, 334 帧
    进度: 200/334 帧完成
    进度: 334/334 帧完成
  [series 03] 完成: 新增=334, 跳过=0, 失败=0
  [series 04] 2019-07-08 ~ 2020-06-26, 351 帧
    进度: 200/351 帧完成
    进度: 351/351 帧完成
  [series 04] 完成: 新增=351, 跳过=0, 失败=0
  [series 05] 2020-07-05 ~ 2021-07-02, 362 帧
    进度: 200/362 帧完成
    进度: 362/362 帧完成
  [series 05] 完成: 新增=362, 跳过=0, 失败=0
  [series 06] 2022-07-05 ~ 2023-07-04, 365 帧
    进度: 200/365 帧完成
    进度: 365/365 帧完成
  [series 06] 完成: 新增=365, 跳过=0, 失败=0
  [series 07] 2023-07-05 ~ 2024-07-03, 364 帧
    进度: 200/364 帧完成
    进度: 364/364 帧完成
  [series 07] 完成: 新增=364, 跳过=0, 失败=0
  [series 08] 2024-07-04 ~ 2025-03-27, 266 帧
    进度: 200/266 帧完成
    进度: 266/266 帧完成
  [series 08] 完成: 新增=266, 跳过=0, 失败=0

H=10 汇总: 新增=3045, 跳过=0, 失败=0

============================================================
H=11  开始推理
============================================================
  模型加载完成 | norm_mean=299.9221K  norm_std=2.6919K
  [series 00] 2017-07-06 ~ 2018-06-30, 357 帧
    进度: 200/357 帧完成
    进度: 357/357 帧完成
  [series 00] 完成: 新增=357, 跳过=0, 失败=0
  [series 01] 2016-07-06 ~ 2017-05-18, 292 帧
    进度: 200/292 帧完成
    进度: 292/292 帧完成
  [series 01] 完成: 新增=292, 跳过=0, 失败=0
  [series 02] 2021-07-05 ~ 2022-07-04, 365 帧
    进度: 200/365 帧完成
    进度: 365/365 帧完成
  [series 02] 完成: 新增=365, 跳过=0, 失败=0
  [series 03] 2018-07-06 ~ 2019-06-15, 334 帧
    进度: 200/334 帧完成
    进度: 334/334 帧完成
  [series 03] 完成: 新增=334, 跳过=0, 失败=0
  [series 04] 2019-07-08 ~ 2020-06-26, 351 帧
    进度: 200/351 帧完成
    进度: 351/351 帧完成
  [series 04] 完成: 新增=351, 跳过=0, 失败=0
  [series 05] 2020-07-05 ~ 2021-07-02, 362 帧
    进度: 200/362 帧完成
    进度: 362/362 帧完成
  [series 05] 完成: 新增=362, 跳过=0, 失败=0
  [series 06] 2022-07-05 ~ 2023-07-04, 365 帧
    进度: 200/365 帧完成
    进度: 365/365 帧完成
  [series 06] 完成: 新增=365, 跳过=0, 失败=0
  [series 07] 2023-07-05 ~ 2024-07-03, 365 帧
    进度: 200/365 帧完成
    进度: 365/365 帧完成
  [series 07] 完成: 新增=365, 跳过=0, 失败=0
  [series 08] 2024-07-04 ~ 2025-03-27, 266 帧
    进度: 200/266 帧完成
    进度: 266/266 帧完成
  [series 08] 完成: 新增=266, 跳过=0, 失败=0

H=11 汇总: 新增=3057, 跳过=0, 失败=0

============================================================
H=12  开始推理
============================================================
  模型加载完成 | norm_mean=299.9221K  norm_std=2.6919K
  [series 00] 2017-07-06 ~ 2018-06-30, 357 帧
    进度: 200/357 帧完成
    进度: 357/357 帧完成
  [series 00] 完成: 新增=357, 跳过=0, 失败=0
  [series 01] 2016-07-06 ~ 2017-05-18, 299 帧
    进度: 200/299 帧完成
    进度: 299/299 帧完成
  [series 01] 完成: 新增=299, 跳过=0, 失败=0
  [series 02] 2021-07-05 ~ 2022-07-04, 365 帧
    进度: 200/365 帧完成
    进度: 365/365 帧完成
  [series 02] 完成: 新增=365, 跳过=0, 失败=0
  [series 03] 2018-07-06 ~ 2019-06-15, 335 帧
    进度: 200/335 帧完成
    进度: 335/335 帧完成
  [series 03] 完成: 新增=335, 跳过=0, 失败=0
  [series 04] 2019-07-08 ~ 2020-06-26, 351 帧
    进度: 200/351 帧完成
    进度: 351/351 帧完成
  [series 04] 完成: 新增=351, 跳过=0, 失败=0
  [series 05] 2020-07-05 ~ 2021-07-02, 363 帧
    进度: 200/363 帧完成
    进度: 363/363 帧完成
  [series 05] 完成: 新增=363, 跳过=0, 失败=0
  [series 06] 2022-07-05 ~ 2023-07-04, 364 帧
    进度: 200/364 帧完成
    进度: 364/364 帧完成
  [series 06] 完成: 新增=364, 跳过=0, 失败=0
  [series 07] 2023-07-05 ~ 2024-07-03, 365 帧
    进度: 200/365 帧完成
    进度: 365/365 帧完成
  [series 07] 完成: 新增=365, 跳过=0, 失败=0
  [series 08] 2024-07-04 ~ 2025-03-27, 267 帧
    进度: 200/267 帧完成
    进度: 267/267 帧完成
  [series 08] 完成: 新增=267, 跳过=0, 失败=0

H=12 汇总: 新增=3066, 跳过=0, 失败=0

============================================================
H=13  开始推理
============================================================
  模型加载完成 | norm_mean=299.9221K  norm_std=2.6919K
  [series 00] 2017-07-06 ~ 2018-06-30, 357 帧
    进度: 200/357 帧完成
    进度: 357/357 帧完成
  [series 00] 完成: 新增=357, 跳过=0, 失败=0
  [series 01] 2016-07-06 ~ 2017-05-18, 300 帧
    进度: 200/300 帧完成
    进度: 300/300 帧完成
  [series 01] 完成: 新增=300, 跳过=0, 失败=0
  [series 02] 2021-07-05 ~ 2022-07-04, 365 帧
    进度: 200/365 帧完成
    进度: 365/365 帧完成
  [series 02] 完成: 新增=365, 跳过=0, 失败=0
  [series 03] 2018-07-06 ~ 2019-06-15, 336 帧
    进度: 200/336 帧完成
    进度: 336/336 帧完成
  [series 03] 完成: 新增=336, 跳过=0, 失败=0
  [series 04] 2019-07-08 ~ 2020-06-26, 351 帧
    进度: 200/351 帧完成
    进度: 351/351 帧完成
  [series 04] 完成: 新增=351, 跳过=0, 失败=0
  [series 05] 2020-07-05 ~ 2021-07-02, 363 帧
    进度: 200/363 帧完成
    进度: 363/363 帧完成
  [series 05] 完成: 新增=363, 跳过=0, 失败=0
  [series 06] 2022-07-05 ~ 2023-07-04, 365 帧
    进度: 200/365 帧完成
    进度: 365/365 帧完成
  [series 06] 完成: 新增=365, 跳过=0, 失败=0
  [series 07] 2023-07-05 ~ 2024-07-03, 365 帧
    进度: 200/365 帧完成
    进度: 365/365 帧完成
  [series 07] 完成: 新增=365, 跳过=0, 失败=0
  [series 08] 2024-07-04 ~ 2025-03-27, 267 帧
    进度: 200/267 帧完成
    进度: 267/267 帧完成
  [series 08] 完成: 新增=267, 跳过=0, 失败=0

H=13 汇总: 新增=3069, 跳过=0, 失败=0

============================================================
H=14  开始推理
============================================================
  模型加载完成 | norm_mean=299.9221K  norm_std=2.6919K
  [series 00] 2017-07-06 ~ 2018-06-30, 357 帧
    进度: 200/357 帧完成
    进度: 357/357 帧完成
  [series 00] 完成: 新增=357, 跳过=0, 失败=0
  [series 01] 2016-07-06 ~ 2017-05-18, 300 帧
    进度: 200/300 帧完成
    进度: 300/300 帧完成
  [series 01] 完成: 新增=300, 跳过=0, 失败=0
  [series 02] 2021-07-05 ~ 2022-07-04, 365 帧
    进度: 200/365 帧完成
    进度: 365/365 帧完成
  [series 02] 完成: 新增=365, 跳过=0, 失败=0
  [series 03] 2018-07-06 ~ 2019-06-15, 336 帧
    进度: 200/336 帧完成
    进度: 336/336 帧完成
  [series 03] 完成: 新增=336, 跳过=0, 失败=0
  [series 04] 2019-07-08 ~ 2020-06-26, 351 帧
    进度: 200/351 帧完成
    进度: 351/351 帧完成
  [series 04] 完成: 新增=351, 跳过=0, 失败=0
  [series 05] 2020-07-05 ~ 2021-07-02, 363 帧
    进度: 200/363 帧完成
    进度: 363/363 帧完成
  [series 05] 完成: 新增=363, 跳过=0, 失败=0
  [series 06] 2022-07-05 ~ 2023-07-04, 365 帧
    进度: 200/365 帧完成
    进度: 365/365 帧完成
  [series 06] 完成: 新增=365, 跳过=0, 失败=0
  [series 07] 2023-07-05 ~ 2024-07-03, 365 帧
    进度: 200/365 帧完成
    进度: 365/365 帧完成
  [series 07] 完成: 新增=365, 跳过=0, 失败=0
  [series 08] 2024-07-04 ~ 2025-03-27, 266 帧
    进度: 200/266 帧完成
    进度: 266/266 帧完成
  [series 08] 完成: 新增=266, 跳过=0, 失败=0

H=14 汇总: 新增=3068, 跳过=0, 失败=0

============================================================
H=15  开始推理
============================================================
  模型加载完成 | norm_mean=299.9221K  norm_std=2.6919K
  [series 00] 2017-07-06 ~ 2018-06-30, 357 帧
    进度: 200/357 帧完成
    进度: 357/357 帧完成
  [series 00] 完成: 新增=357, 跳过=0, 失败=0
  [series 01] 2016-07-06 ~ 2017-05-18, 299 帧
    进度: 200/299 帧完成
    进度: 299/299 帧完成
  [series 01] 完成: 新增=299, 跳过=0, 失败=0
  [series 02] 2021-07-05 ~ 2022-07-04, 364 帧
    进度: 200/364 帧完成
    进度: 364/364 帧完成
  [series 02] 完成: 新增=364, 跳过=0, 失败=0
  [series 03] 2018-07-06 ~ 2019-06-15, 334 帧
    进度: 200/334 帧完成
    进度: 334/334 帧完成
  [series 03] 完成: 新增=334, 跳过=0, 失败=0
  [series 04] 2019-07-08 ~ 2020-06-26, 350 帧
    进度: 200/350 帧完成
    进度: 350/350 帧完成
  [series 04] 完成: 新增=350, 跳过=0, 失败=0
  [series 05] 2020-07-05 ~ 2021-07-02, 362 帧
    进度: 200/362 帧完成
    进度: 362/362 帧完成
  [series 05] 完成: 新增=362, 跳过=0, 失败=0
  [series 06] 2022-07-05 ~ 2023-07-04, 365 帧
    进度: 200/365 帧完成
    进度: 365/365 帧完成
  [series 06] 完成: 新增=365, 跳过=0, 失败=0
  [series 07] 2023-07-05 ~ 2024-07-03, 364 帧
    进度: 200/364 帧完成
    进度: 364/364 帧完成
  [series 07] 完成: 新增=364, 跳过=0, 失败=0
  [series 08] 2024-07-04 ~ 2025-03-27, 265 帧
    进度: 200/265 帧完成
    进度: 265/265 帧完成
  [series 08] 完成: 新增=265, 跳过=0, 失败=0

H=15 汇总: 新增=3060, 跳过=0, 失败=0

============================================================
H=16  开始推理
============================================================
  模型加载完成 | norm_mean=299.9221K  norm_std=2.6919K
  [series 00] 2017-07-06 ~ 2018-06-30, 355 帧
    进度: 200/355 帧完成
    进度: 355/355 帧完成
  [series 00] 完成: 新增=355, 跳过=0, 失败=0
  [series 01] 2016-07-06 ~ 2017-05-18, 266 帧
    进度: 200/266 帧完成
    进度: 266/266 帧完成
  [series 01] 完成: 新增=266, 跳过=0, 失败=0
  [series 02] 2021-07-05 ~ 2022-07-04, 365 帧
    进度: 200/365 帧完成
    进度: 365/365 帧完成
  [series 02] 完成: 新增=365, 跳过=0, 失败=0
  [series 03] 2018-07-06 ~ 2019-06-15, 329 帧
    进度: 200/329 帧完成
    进度: 329/329 帧完成
  [series 03] 完成: 新增=329, 跳过=0, 失败=0
  [series 04] 2019-07-09 ~ 2020-06-26, 346 帧
    进度: 200/346 帧完成
    进度: 346/346 帧完成
  [series 04] 完成: 新增=346, 跳过=0, 失败=0
  [series 05] 2020-07-05 ~ 2021-07-02, 362 帧
    进度: 200/362 帧完成
    进度: 362/362 帧完成
  [series 05] 完成: 新增=362, 跳过=0, 失败=0
  [series 06] 2022-07-05 ~ 2023-07-04, 364 帧
    进度: 200/364 帧完成
    进度: 364/364 帧完成
  [series 06] 完成: 新增=364, 跳过=0, 失败=0
  [series 07] 2023-07-05 ~ 2024-07-03, 365 帧
    进度: 200/365 帧完成
    进度: 365/365 帧完成
  [series 07] 完成: 新增=365, 跳过=0, 失败=0
  [series 08] 2024-07-04 ~ 2025-03-26, 264 帧
    进度: 200/264 帧完成
    进度: 264/264 帧完成
  [series 08] 完成: 新增=264, 跳过=0, 失败=0

H=16 汇总: 新增=3016, 跳过=0, 失败=0

============================================================
H=17  开始推理
============================================================
  模型加载完成 | norm_mean=299.9221K  norm_std=2.6919K
  [series 00] 2017-07-06 ~ 2018-06-30, 355 帧
    进度: 200/355 帧完成
    进度: 355/355 帧完成
  [series 00] 完成: 新增=355, 跳过=0, 失败=0
  [series 01] 2016-07-06 ~ 2017-05-18, 263 帧
    进度: 200/263 帧完成
    进度: 263/263 帧完成
  [series 01] 完成: 新增=263, 跳过=0, 失败=0
  [series 02] 2021-07-05 ~ 2022-07-04, 365 帧
    进度: 200/365 帧完成
    进度: 365/365 帧完成
  [series 02] 完成: 新增=365, 跳过=0, 失败=0
  [series 03] 2018-07-06 ~ 2019-06-15, 329 帧
    进度: 200/329 帧完成
    进度: 329/329 帧完成
  [series 03] 完成: 新增=329, 跳过=0, 失败=0
  [series 04] 2019-07-09 ~ 2020-06-26, 346 帧
    进度: 200/346 帧完成
    进度: 346/346 帧完成
  [series 04] 完成: 新增=346, 跳过=0, 失败=0
  [series 05] 2020-07-05 ~ 2021-07-02, 363 帧
    进度: 200/363 帧完成
    进度: 363/363 帧完成
  [series 05] 完成: 新增=363, 跳过=0, 失败=0
  [series 06] 2022-07-05 ~ 2023-07-04, 365 帧
    进度: 200/365 帧完成
    进度: 365/365 帧完成
  [series 06] 完成: 新增=365, 跳过=0, 失败=0
  [series 07] 2023-07-05 ~ 2024-07-03, 365 帧
    进度: 200/365 帧完成
    进度: 365/365 帧完成
  [series 07] 完成: 新增=365, 跳过=0, 失败=0
  [series 08] 2024-07-04 ~ 2025-03-26, 266 帧
    进度: 200/266 帧完成
    进度: 266/266 帧完成
  [series 08] 完成: 新增=266, 跳过=0, 失败=0

H=17 汇总: 新增=3017, 跳过=0, 失败=0

============================================================
H=18  开始推理
============================================================
  模型加载完成 | norm_mean=299.9221K  norm_std=2.6919K
  [series 00] 2017-07-06 ~ 2018-06-30, 355 帧
    进度: 200/355 帧完成
    进度: 355/355 帧完成
  [series 00] 完成: 新增=355, 跳过=0, 失败=0
  [series 01] 2016-07-06 ~ 2017-05-18, 264 帧
    进度: 200/264 帧完成
    进度: 264/264 帧完成
  [series 01] 完成: 新增=264, 跳过=0, 失败=0
  [series 02] 2021-07-05 ~ 2022-07-04, 365 帧
    进度: 200/365 帧完成
    进度: 365/365 帧完成
  [series 02] 完成: 新增=365, 跳过=0, 失败=0
  [series 03] 2018-07-06 ~ 2019-06-15, 329 帧
    进度: 200/329 帧完成
    进度: 329/329 帧完成
  [series 03] 完成: 新增=329, 跳过=0, 失败=0
  [series 04] 2019-07-09 ~ 2020-06-26, 346 帧
    进度: 200/346 帧完成
    进度: 346/346 帧完成
  [series 04] 完成: 新增=346, 跳过=0, 失败=0
  [series 05] 2020-07-05 ~ 2021-07-02, 363 帧
    进度: 200/363 帧完成
    进度: 363/363 帧完成
  [series 05] 完成: 新增=363, 跳过=0, 失败=0
  [series 06] 2022-07-05 ~ 2023-07-04, 365 帧
    进度: 200/365 帧完成
    进度: 365/365 帧完成
  [series 06] 完成: 新增=365, 跳过=0, 失败=0
  [series 07] 2023-07-05 ~ 2024-07-03, 364 帧
    进度: 200/364 帧完成
    进度: 364/364 帧完成
  [series 07] 完成: 新增=364, 跳过=0, 失败=0
  [series 08] 2024-07-04 ~ 2025-03-26, 264 帧
    进度: 200/264 帧完成
    进度: 264/264 帧完成
  [series 08] 完成: 新增=264, 跳过=0, 失败=0

H=18 汇总: 新增=3015, 跳过=0, 失败=0

============================================================
H=19  开始推理
============================================================
  模型加载完成 | norm_mean=299.9221K  norm_std=2.6919K
  [series 00] 2017-07-06 ~ 2018-06-30, 355 帧
    进度: 200/355 帧完成
    进度: 355/355 帧完成
  [series 00] 完成: 新增=355, 跳过=0, 失败=0
  [series 01] 2016-07-06 ~ 2017-05-18, 276 帧
    进度: 200/276 帧完成
    进度: 276/276 帧完成
  [series 01] 完成: 新增=276, 跳过=0, 失败=0
  [series 02] 2021-07-05 ~ 2022-07-04, 365 帧
    进度: 200/365 帧完成
    进度: 365/365 帧完成
  [series 02] 完成: 新增=365, 跳过=0, 失败=0
  [series 03] 2018-07-06 ~ 2019-06-15, 329 帧
    进度: 200/329 帧完成
    进度: 329/329 帧完成
  [series 03] 完成: 新增=329, 跳过=0, 失败=0
  [series 04] 2019-07-09 ~ 2020-06-26, 346 帧
    进度: 200/346 帧完成
    进度: 346/346 帧完成
  [series 04] 完成: 新增=346, 跳过=0, 失败=0
  [series 05] 2020-07-05 ~ 2021-07-02, 362 帧
    进度: 200/362 帧完成
    进度: 362/362 帧完成
  [series 05] 完成: 新增=362, 跳过=0, 失败=0
  [series 06] 2022-07-05 ~ 2023-07-04, 365 帧
    进度: 200/365 帧完成
    进度: 365/365 帧完成
  [series 06] 完成: 新增=365, 跳过=0, 失败=0
  [series 07] 2023-07-05 ~ 2024-07-03, 364 帧
    进度: 200/364 帧完成
    进度: 364/364 帧完成
  [series 07] 完成: 新增=364, 跳过=0, 失败=0
  [series 08] 2024-07-04 ~ 2025-03-26, 265 帧
    进度: 200/265 帧完成
    进度: 265/265 帧完成
  [series 08] 完成: 新增=265, 跳过=0, 失败=0

H=19 汇总: 新增=3027, 跳过=0, 失败=0

============================================================
H=20  开始推理
============================================================
  模型加载完成 | norm_mean=299.9221K  norm_std=2.6919K
  [series 00] 2017-07-06 ~ 2018-06-30, 355 帧
    进度: 200/355 帧完成
    进度: 355/355 帧完成
  [series 00] 完成: 新增=355, 跳过=0, 失败=0
  [series 01] 2016-07-06 ~ 2017-05-18, 279 帧
    进度: 200/279 帧完成
    进度: 279/279 帧完成
  [series 01] 完成: 新增=279, 跳过=0, 失败=0
  [series 02] 2021-07-05 ~ 2022-07-04, 365 帧
    进度: 200/365 帧完成
    进度: 365/365 帧完成
  [series 02] 完成: 新增=365, 跳过=0, 失败=0
  [series 03] 2018-07-06 ~ 2019-06-15, 329 帧
    进度: 200/329 帧完成
    进度: 329/329 帧完成
  [series 03] 完成: 新增=329, 跳过=0, 失败=0
  [series 04] 2019-07-09 ~ 2020-06-26, 346 帧
    进度: 200/346 帧完成
    进度: 346/346 帧完成
  [series 04] 完成: 新增=346, 跳过=0, 失败=0
  [series 05] 2020-07-05 ~ 2021-07-02, 363 帧
    进度: 200/363 帧完成
    进度: 363/363 帧完成
  [series 05] 完成: 新增=363, 跳过=0, 失败=0
  [series 06] 2022-07-05 ~ 2023-07-04, 365 帧
    进度: 200/365 帧完成
    进度: 365/365 帧完成
  [series 06] 完成: 新增=365, 跳过=0, 失败=0
  [series 07] 2023-07-05 ~ 2024-07-03, 365 帧
    进度: 200/365 帧完成
    进度: 365/365 帧完成
  [series 07] 完成: 新增=365, 跳过=0, 失败=0
  [series 08] 2024-07-04 ~ 2025-03-26, 264 帧
    进度: 200/264 帧完成
    进度: 264/264 帧完成
  [series 08] 完成: 新增=264, 跳过=0, 失败=0

H=20 汇总: 新增=3031, 跳过=0, 失败=0

============================================================
H=21  开始推理
============================================================
  模型加载完成 | norm_mean=299.9221K  norm_std=2.6919K
  [series 00] 2017-07-06 ~ 2018-06-30, 355 帧
    进度: 200/355 帧完成
    进度: 355/355 帧完成
  [series 00] 完成: 新增=355, 跳过=0, 失败=0
  [series 01] 2016-07-06 ~ 2017-05-18, 282 帧
    进度: 200/282 帧完成
    进度: 282/282 帧完成
  [series 01] 完成: 新增=282, 跳过=0, 失败=0
  [series 02] 2021-07-05 ~ 2022-07-04, 365 帧
    进度: 200/365 帧完成
    进度: 365/365 帧完成
  [series 02] 完成: 新增=365, 跳过=0, 失败=0
  [series 03] 2018-07-06 ~ 2019-06-15, 331 帧
    进度: 200/331 帧完成
    进度: 331/331 帧完成
  [series 03] 完成: 新增=331, 跳过=0, 失败=0
  [series 04] 2019-07-09 ~ 2020-06-26, 346 帧
    进度: 200/346 帧完成
    进度: 346/346 帧完成
  [series 04] 完成: 新增=346, 跳过=0, 失败=0
  [series 05] 2020-07-05 ~ 2021-07-02, 363 帧
    进度: 200/363 帧完成
    进度: 363/363 帧完成
  [series 05] 完成: 新增=363, 跳过=0, 失败=0
  [series 06] 2022-07-05 ~ 2023-07-04, 365 帧
    进度: 200/365 帧完成
    进度: 365/365 帧完成
  [series 06] 完成: 新增=365, 跳过=0, 失败=0
  [series 07] 2023-07-05 ~ 2024-07-03, 363 帧
    进度: 200/363 帧完成
    进度: 363/363 帧完成
  [series 07] 完成: 新增=363, 跳过=0, 失败=0
  [series 08] 2024-07-04 ~ 2025-03-26, 262 帧
    进度: 200/262 帧完成
    进度: 262/262 帧完成
  [series 08] 完成: 新增=262, 跳过=0, 失败=0

H=21 汇总: 新增=3032, 跳过=0, 失败=0

============================================================
H=22  开始推理
============================================================
  模型加载完成 | norm_mean=299.9221K  norm_std=2.6919K
  [series 00] 2017-07-06 ~ 2018-06-30, 355 帧
    进度: 200/355 帧完成
    进度: 355/355 帧完成
  [series 00] 完成: 新增=355, 跳过=0, 失败=0
  [series 01] 2016-07-06 ~ 2017-05-18, 283 帧
    进度: 200/283 帧完成
    进度: 283/283 帧完成
  [series 01] 完成: 新增=283, 跳过=0, 失败=0
  [series 02] 2021-07-05 ~ 2022-07-04, 365 帧
    进度: 200/365 帧完成
    进度: 365/365 帧完成
  [series 02] 完成: 新增=365, 跳过=0, 失败=0
  [series 03] 2018-07-06 ~ 2019-06-15, 331 帧
    进度: 200/331 帧完成
    进度: 331/331 帧完成
  [series 03] 完成: 新增=331, 跳过=0, 失败=0
  [series 04] 2019-07-09 ~ 2020-06-26, 346 帧
    进度: 200/346 帧完成
    进度: 346/346 帧完成
  [series 04] 完成: 新增=346, 跳过=0, 失败=0
  [series 05] 2020-07-05 ~ 2021-07-02, 363 帧
    进度: 200/363 帧完成
    进度: 363/363 帧完成
  [series 05] 完成: 新增=363, 跳过=0, 失败=0
  [series 06] 2022-07-05 ~ 2023-07-04, 365 帧
    进度: 200/365 帧完成
    进度: 365/365 帧完成
  [series 06] 完成: 新增=365, 跳过=0, 失败=0
  [series 07] 2023-07-05 ~ 2024-07-03, 362 帧
    进度: 200/362 帧完成
    进度: 362/362 帧完成
  [series 07] 完成: 新增=362, 跳过=0, 失败=0
  [series 08] 2024-07-04 ~ 2025-03-26, 265 帧
    进度: 200/265 帧完成
    进度: 265/265 帧完成
  [series 08] 完成: 新增=265, 跳过=0, 失败=0

H=22 汇总: 新增=3035, 跳过=0, 失败=0

============================================================
H=23  开始推理
============================================================
  模型加载完成 | norm_mean=299.9221K  norm_std=2.6919K
  [series 00] 2017-07-06 ~ 2018-06-30, 355 帧
    进度: 200/355 帧完成
    进度: 355/355 帧完成
  [series 00] 完成: 新增=355, 跳过=0, 失败=0
  [series 01] 2016-07-06 ~ 2017-05-18, 283 帧
    进度: 200/283 帧完成
    进度: 283/283 帧完成
  [series 01] 完成: 新增=283, 跳过=0, 失败=0
  [series 02] 2021-07-05 ~ 2022-07-04, 365 帧
    进度: 200/365 帧完成
    进度: 365/365 帧完成
  [series 02] 完成: 新增=365, 跳过=0, 失败=0
  [series 03] 2018-07-06 ~ 2019-06-15, 331 帧
    进度: 200/331 帧完成
    进度: 331/331 帧完成
  [series 03] 完成: 新增=331, 跳过=0, 失败=0
  [series 04] 2019-07-09 ~ 2020-06-26, 346 帧
    进度: 200/346 帧完成
    进度: 346/346 帧完成
  [series 04] 完成: 新增=346, 跳过=0, 失败=0
  [series 05] 2020-07-05 ~ 2021-07-02, 363 帧
    进度: 200/363 帧完成
    进度: 363/363 帧完成
  [series 05] 完成: 新增=363, 跳过=0, 失败=0
  [series 06] 2022-07-05 ~ 2023-07-04, 365 帧
    进度: 200/365 帧完成
    进度: 365/365 帧完成
  [series 06] 完成: 新增=365, 跳过=0, 失败=0
  [series 07] 2023-07-05 ~ 2024-07-03, 365 帧
    进度: 200/365 帧完成
    进度: 365/365 帧完成
  [series 07] 完成: 新增=365, 跳过=0, 失败=0
  [series 08] 2024-07-04 ~ 2025-03-26, 265 帧
    进度: 200/265 帧完成
    进度: 265/265 帧完成
  [series 08] 完成: 新增=265, 跳过=0, 失败=0

H=23 汇总: 新增=3038, 跳过=0, 失败=0

全部完成 | 总新增=69930 | 耗时=1.4h
